I'm sorry, but errors were detected in your script. Please correct the
errors listed below, and try again.


File "game/script.rpy", line 280: expected statement.
    renpy.pause(2.0)
                    ^

Ren'Py Version: Ren'Py 8.0.3.22090809
Sat Mar 11 17:28:57 2023
